{
  "_comment": "-------End of GA4GH requirements----- (ignore this line)",
  "contactUrl": "mailto:krobasky@gmail.com",
  "createdAt": "xxx",
  "description": "Serves data according to DRS specification; includes submit and search endpoints",
  "documentationUrl": "https://github.com/RENCI/fuse-provider-upload",
  "environment": "test",
  "id": "fuse-provider-upload",
  "name": "FUSE data provider for user-uploaded files",
  "organization": {
    "name": "RENCI",
    "url": "https://renci.org"
  },
  "serviceDependencies": [],
  "serviceType": "p",
  "serviceTypeTitle": "Provider",
  "title": "fuse-provider-upload",
  "type": {
    "artifact": "drs",
    "group": "org.ga4gh",
    "version": "1.0.0"
  },
  "updatedAt": "xxx",
  "version": "1.0.0"
}
