{
  "info": "Deleted count=(1), Acknowledged=(True)./n",
  "status": "deleted",
  "stderr": ""
}
